// Jest Snapshot v1, https://goo.gl/fbAQLP

exports[`about snapshot 1`] = `
Object {
  "asFragment": [Function],
  "baseElement": <body>
    <div>
      <div
        class="about"
      >
        <h2>
          Facts about Aaron:
        </h2>
        <div
          class="about-detail"
        >
          <img
            alt="aaron profile"
            src=""
          />
          <ul>
            <li>
              He is a full stack developer with experience ranging from embedded architecture to ui development
            </li>
            <li>
              He loves to cook, especially when trying new meals
            </li>
            <li>
              He enjoys a good glass of wine or whiskey, mainly when pairing with the food he cooks
            </li>
            <li>
              He has two cats (Vanilla & Crash) and one dog (Jace)
            </li>
            <li>
              He has a loving fiancè (to be married soon)
            </li>
          </ul>
        </div>
      </div>
    </div>
  </body>,
  "container": <div>
    <div
      class="about"
    >
      <h2>
        Facts about Aaron:
      </h2>
      <div
        class="about-detail"
      >
        <img
          alt="aaron profile"
          src=""
        />
        <ul>
          <li>
            He is a full stack developer with experience ranging from embedded architecture to ui development
          </li>
          <li>
            He loves to cook, especially when trying new meals
          </li>
          <li>
            He enjoys a good glass of wine or whiskey, mainly when pairing with the food he cooks
          </li>
          <li>
            He has two cats (Vanilla & Crash) and one dog (Jace)
          </li>
          <li>
            He has a loving fiancè (to be married soon)
          </li>
        </ul>
      </div>
    </div>
  </div>,
  "debug": [Function],
  "findAllByAltText": [Function],
  "findAllByDisplayValue": [Function],
  "findAllByLabelText": [Function],
  "findAllByPlaceholderText": [Function],
  "findAllByRole": [Function],
  "findAllByTestId": [Function],
  "findAllByText": [Function],
  "findAllByTitle": [Function],
  "findByAltText": [Function],
  "findByDisplayValue": [Function],
  "findByLabelText": [Function],
  "findByPlaceholderText": [Function],
  "findByRole": [Function],
  "findByTestId": [Function],
  "findByText": [Function],
  "findByTitle": [Function],
  "getAllByAltText": [Function],
  "getAllByDisplayValue": [Function],
  "getAllByLabelText": [Function],
  "getAllByPlaceholderText": [Function],
  "getAllByRole": [Function],
  "getAllByTestId": [Function],
  "getAllByText": [Function],
  "getAllByTitle": [Function],
  "getByAltText": [Function],
  "getByDisplayValue": [Function],
  "getByLabelText": [Function],
  "getByPlaceholderText": [Function],
  "getByRole": [Function],
  "getByTestId": [Function],
  "getByText": [Function],
  "getByTitle": [Function],
  "queryAllByAltText": [Function],
  "queryAllByDisplayValue": [Function],
  "queryAllByLabelText": [Function],
  "queryAllByPlaceholderText": [Function],
  "queryAllByRole": [Function],
  "queryAllByTestId": [Function],
  "queryAllByText": [Function],
  "queryAllByTitle": [Function],
  "queryByAltText": [Function],
  "queryByDisplayValue": [Function],
  "queryByLabelText": [Function],
  "queryByPlaceholderText": [Function],
  "queryByRole": [Function],
  "queryByTestId": [Function],
  "queryByText": [Function],
  "queryByTitle": [Function],
  "rerender": [Function],
  "unmount": [Function],
}
`;
